[stage1 ep1/50] loss=0.0062
[stage1 ep2/50] loss=0.0055
[stage1 ep3/50] loss=0.0044
[stage1 ep4/50] loss=0.0038
[stage1 ep5/50] loss=0.0042
[stage1 ep6/50] loss=0.0039
[stage1 ep7/50] loss=0.0036
[stage1 ep8/50] loss=0.0035
[stage1 ep9/50] loss=0.0035
[stage1 ep10/50] loss=0.0039
[stage1 ep11/50] loss=0.0036
[stage1 ep12/50] loss=0.0043
[stage1 ep13/50] loss=0.0037
[stage1 ep14/50] loss=0.0029
[stage1 ep15/50] loss=0.0040
[stage1 ep16/50] loss=0.0032
[stage1 ep17/50] loss=0.0035
[stage1 ep18/50] loss=0.0036
[stage1 ep19/50] loss=0.0031
[stage1 ep20/50] loss=0.0031
[stage1 ep21/50] loss=0.0031
[stage1 ep22/50] loss=0.0031
[stage1 ep23/50] loss=0.0034
[stage1 ep24/50] loss=0.0034
[stage1 ep25/50] loss=0.0027
[stage1 ep26/50] loss=0.0033
[stage1 ep27/50] loss=0.0036
[stage1 ep28/50] loss=0.0030
[stage1 ep29/50] loss=0.0034
[stage1 ep30/50] loss=0.0032
[stage1 ep31/50] loss=0.0034
[stage1 ep32/50] loss=0.0027
[stage1 ep33/50] loss=0.0035
[stage1 ep34/50] loss=0.0030
[stage1 ep35/50] loss=0.0034
[stage1 ep36/50] loss=0.0031
[stage1 ep37/50] loss=0.0033
[stage1 ep38/50] loss=0.0034
[stage1 ep39/50] loss=0.0034
[stage1 ep40/50] loss=0.0035
[stage1 ep41/50] loss=0.0029
[stage1 ep42/50] loss=0.0035
[stage1 ep43/50] loss=0.0031
[stage1 ep44/50] loss=0.0027
[stage1 ep45/50] loss=0.0030
[stage1 ep46/50] loss=0.0032
[stage1 ep47/50] loss=0.0033
[stage1 ep48/50] loss=0.0028
[stage1 ep49/50] loss=0.0029
[stage1 ep50/50] loss=0.0033
[stage2 ep1/50] loss=0.1566
[stage2 ep2/50] loss=0.1921
[stage2 ep3/50] loss=0.1693
[stage2 ep4/50] loss=0.1209
[stage2 ep5/50] loss=0.1525
[stage2 ep6/50] loss=0.1361
[stage2 ep7/50] loss=0.1296
[stage2 ep8/50] loss=0.1090
[stage2 ep9/50] loss=0.1103
[stage2 ep10/50] loss=0.1134
[stage2 ep11/50] loss=0.1010
[stage2 ep12/50] loss=0.0986
[stage2 ep13/50] loss=0.0961
[stage2 ep14/50] loss=0.0925
[stage2 ep15/50] loss=0.1107
[stage2 ep16/50] loss=0.0864
[stage2 ep17/50] loss=0.0832
[stage2 ep18/50] loss=0.1040
[stage2 ep19/50] loss=0.0884
[stage2 ep20/50] loss=0.0867
[stage2 ep21/50] loss=0.1070
[stage2 ep22/50] loss=0.0884
[stage2 ep23/50] loss=0.0848
[stage2 ep24/50] loss=0.1011
[stage2 ep25/50] loss=0.0683
[stage2 ep26/50] loss=0.0826
[stage2 ep27/50] loss=0.0721
[stage2 ep28/50] loss=0.0811
[stage2 ep29/50] loss=0.0826
[stage2 ep30/50] loss=0.0641
[stage2 ep31/50] loss=0.0726
[stage2 ep32/50] loss=0.0587
[stage2 ep33/50] loss=0.0776
[stage2 ep34/50] loss=0.0569
[stage2 ep35/50] loss=0.0637
[stage2 ep36/50] loss=0.0709
[stage2 ep37/50] loss=0.0724
[stage2 ep38/50] loss=0.0615
[stage2 ep39/50] loss=0.0734
[stage2 ep40/50] loss=0.0786
[stage2 ep41/50] loss=0.0930
[stage2 ep42/50] loss=0.0543
[stage2 ep43/50] loss=0.0578
[stage2 ep44/50] loss=0.0515
[stage2 ep45/50] loss=0.0725
[stage2 ep46/50] loss=0.0748
[stage2 ep47/50] loss=0.0509
[stage2 ep48/50] loss=0.0428
[stage2 ep49/50] loss=0.0549
[stage2 ep50/50] loss=0.0571
[stage3 ep1/50] loss=0.4076
[stage3 ep2/50] loss=0.3446
[stage3 ep3/50] loss=0.4061
[stage3 ep4/50] loss=0.3652
[stage3 ep5/50] loss=0.3822
[stage3 ep6/50] loss=0.3346
[stage3 ep7/50] loss=0.3849
[stage3 ep8/50] loss=0.3646
[stage3 ep9/50] loss=0.3366
[stage3 ep10/50] loss=0.3386
[stage3 ep11/50] loss=0.3546
[stage3 ep12/50] loss=0.3101
[stage3 ep13/50] loss=0.3117
[stage3 ep14/50] loss=0.3505
[stage3 ep15/50] loss=0.3469
[stage3 ep16/50] loss=0.2611
[stage3 ep17/50] loss=0.2584
[stage3 ep18/50] loss=0.2807
[stage3 ep19/50] loss=0.2830
[stage3 ep20/50] loss=0.3219
[stage3 ep21/50] loss=0.3152
[stage3 ep22/50] loss=0.3278
[stage3 ep23/50] loss=0.2447
[stage3 ep24/50] loss=0.3159
[stage3 ep25/50] loss=0.2778
[stage3 ep26/50] loss=0.3087
[stage3 ep27/50] loss=0.2801
[stage3 ep28/50] loss=0.2353
[stage3 ep29/50] loss=0.2481
[stage3 ep30/50] loss=0.2218
[stage3 ep31/50] loss=0.2706
[stage3 ep32/50] loss=0.2656
[stage3 ep33/50] loss=0.3007
[stage3 ep34/50] loss=0.2689
[stage3 ep35/50] loss=0.2309
[stage3 ep36/50] loss=0.2709
[stage3 ep37/50] loss=0.2767
[stage3 ep38/50] loss=0.2585
[stage3 ep39/50] loss=0.2964
[stage3 ep40/50] loss=0.2417
[stage3 ep41/50] loss=0.2205
[stage3 ep42/50] loss=0.2825
[stage3 ep43/50] loss=0.1993
[stage3 ep44/50] loss=0.2748
[stage3 ep45/50] loss=0.2440
[stage3 ep46/50] loss=0.2652
[stage3 ep47/50] loss=0.2953
[stage3 ep48/50] loss=0.2329
[stage3 ep49/50] loss=0.2799
[stage3 ep50/50] loss=0.2262
training complete: /kaggle/working/agdscae/deepcrack_s0/ckpt_stage3.pt
wrote 237 maps to /kaggle/working/agdscae/deepcrack_s0/maps
wrote 50 maps to /kaggle/working/agdscae/deepcrack_s0/calib
{
  "miou": 0.449805524775877,
  "iou_crack": 0.182260074246026,
  "f1": 0.2885140014142521,
  "precision": 0.18687932214706587,
  "recall": 0.9665027910288708,
  "n_images": 237,
  "mu": 0.06956304141529014,
  "delta": 0.07931140730509469,
  "threshold": 0.5,
  "pixel_auroc": 0.9307083570716683,
  "pixel_ap": 0.48825371061007444
}
