[stage1 ep1/50] loss=0.0089
[stage1 ep2/50] loss=0.0049
[stage1 ep3/50] loss=0.0048
[stage1 ep4/50] loss=0.0036
[stage1 ep5/50] loss=0.0038
[stage1 ep6/50] loss=0.0034
[stage1 ep7/50] loss=0.0037
[stage1 ep8/50] loss=0.0036
[stage1 ep9/50] loss=0.0035
[stage1 ep10/50] loss=0.0034
[stage1 ep11/50] loss=0.0036
[stage1 ep12/50] loss=0.0033
[stage1 ep13/50] loss=0.0031
[stage1 ep14/50] loss=0.0034
[stage1 ep15/50] loss=0.0036
[stage1 ep16/50] loss=0.0032
[stage1 ep17/50] loss=0.0037
[stage1 ep18/50] loss=0.0034
[stage1 ep19/50] loss=0.0032
[stage1 ep20/50] loss=0.0036
[stage1 ep21/50] loss=0.0026
[stage1 ep22/50] loss=0.0038
[stage1 ep23/50] loss=0.0034
[stage1 ep24/50] loss=0.0039
[stage1 ep25/50] loss=0.0034
[stage1 ep26/50] loss=0.0039
[stage1 ep27/50] loss=0.0032
[stage1 ep28/50] loss=0.0031
[stage1 ep29/50] loss=0.0030
[stage1 ep30/50] loss=0.0038
[stage1 ep31/50] loss=0.0033
[stage1 ep32/50] loss=0.0026
[stage1 ep33/50] loss=0.0028
[stage1 ep34/50] loss=0.0030
[stage1 ep35/50] loss=0.0029
[stage1 ep36/50] loss=0.0032
[stage1 ep37/50] loss=0.0033
[stage1 ep38/50] loss=0.0029
[stage1 ep39/50] loss=0.0032
[stage1 ep40/50] loss=0.0033
[stage1 ep41/50] loss=0.0029
[stage1 ep42/50] loss=0.0032
[stage1 ep43/50] loss=0.0031
[stage1 ep44/50] loss=0.0032
[stage1 ep45/50] loss=0.0028
[stage1 ep46/50] loss=0.0026
[stage1 ep47/50] loss=0.0030
[stage1 ep48/50] loss=0.0036
[stage1 ep49/50] loss=0.0029
[stage1 ep50/50] loss=0.0026
[stage2 ep1/50] loss=0.2108
[stage2 ep2/50] loss=0.1670
[stage2 ep3/50] loss=0.1895
[stage2 ep4/50] loss=0.1547
[stage2 ep5/50] loss=0.1823
[stage2 ep6/50] loss=0.1611
[stage2 ep7/50] loss=0.1205
[stage2 ep8/50] loss=0.1523
[stage2 ep9/50] loss=0.1377
[stage2 ep10/50] loss=0.1414
[stage2 ep11/50] loss=0.1260
[stage2 ep12/50] loss=0.1034
[stage2 ep13/50] loss=0.0958
[stage2 ep14/50] loss=0.0893
[stage2 ep15/50] loss=0.1255
[stage2 ep16/50] loss=0.0918
[stage2 ep17/50] loss=0.0906
[stage2 ep18/50] loss=0.1183
[stage2 ep19/50] loss=0.0927
[stage2 ep20/50] loss=0.0908
[stage2 ep21/50] loss=0.0802
[stage2 ep22/50] loss=0.0929
[stage2 ep23/50] loss=0.0851
[stage2 ep24/50] loss=0.1134
[stage2 ep25/50] loss=0.0922
[stage2 ep26/50] loss=0.0709
[stage2 ep27/50] loss=0.0821
[stage2 ep28/50] loss=0.0722
[stage2 ep29/50] loss=0.0898
[stage2 ep30/50] loss=0.0891
[stage2 ep31/50] loss=0.0750
[stage2 ep32/50] loss=0.0659
[stage2 ep33/50] loss=0.0681
[stage2 ep34/50] loss=0.0591
[stage2 ep35/50] loss=0.0733
[stage2 ep36/50] loss=0.0663
[stage2 ep37/50] loss=0.0626
[stage2 ep38/50] loss=0.0734
[stage2 ep39/50] loss=0.0487
[stage2 ep40/50] loss=0.0679
[stage2 ep41/50] loss=0.1090
[stage2 ep42/50] loss=0.0606
[stage2 ep43/50] loss=0.0813
[stage2 ep44/50] loss=0.0506
[stage2 ep45/50] loss=0.0476
[stage2 ep46/50] loss=0.0487
[stage2 ep47/50] loss=0.0509
[stage2 ep48/50] loss=0.0509
[stage2 ep49/50] loss=0.0470
[stage2 ep50/50] loss=0.0465
[stage3 ep1/50] loss=0.3035
[stage3 ep2/50] loss=0.3215
[stage3 ep3/50] loss=0.2903
[stage3 ep4/50] loss=0.3211
[stage3 ep5/50] loss=0.3138
[stage3 ep6/50] loss=0.3748
[stage3 ep7/50] loss=0.3285
[stage3 ep8/50] loss=0.2517
[stage3 ep9/50] loss=0.2785
[stage3 ep10/50] loss=0.2942
[stage3 ep11/50] loss=0.2750
[stage3 ep12/50] loss=0.3446
[stage3 ep13/50] loss=0.3171
[stage3 ep14/50] loss=0.2853
[stage3 ep15/50] loss=0.2720
[stage3 ep16/50] loss=0.2992
[stage3 ep17/50] loss=0.2812
[stage3 ep18/50] loss=0.2957
[stage3 ep19/50] loss=0.2682
[stage3 ep20/50] loss=0.2908
[stage3 ep21/50] loss=0.2673
[stage3 ep22/50] loss=0.2473
[stage3 ep23/50] loss=0.2576
[stage3 ep24/50] loss=0.2207
[stage3 ep25/50] loss=0.2985
[stage3 ep26/50] loss=0.2751
[stage3 ep27/50] loss=0.2828
[stage3 ep28/50] loss=0.2442
[stage3 ep29/50] loss=0.2462
[stage3 ep30/50] loss=0.2801
[stage3 ep31/50] loss=0.2276
[stage3 ep32/50] loss=0.2289
[stage3 ep33/50] loss=0.2634
[stage3 ep34/50] loss=0.2228
[stage3 ep35/50] loss=0.2417
[stage3 ep36/50] loss=0.2307
[stage3 ep37/50] loss=0.2668
[stage3 ep38/50] loss=0.2595
[stage3 ep39/50] loss=0.2760
[stage3 ep40/50] loss=0.2480
[stage3 ep41/50] loss=0.2326
[stage3 ep42/50] loss=0.2511
[stage3 ep43/50] loss=0.2887
[stage3 ep44/50] loss=0.2932
[stage3 ep45/50] loss=0.2729
[stage3 ep46/50] loss=0.2478
[stage3 ep47/50] loss=0.2520
[stage3 ep48/50] loss=0.2209
[stage3 ep49/50] loss=0.2694
[stage3 ep50/50] loss=0.2234
training complete: /kaggle/working/agdscae/deepcrack_s1/ckpt_stage3.pt
wrote 237 maps to /kaggle/working/agdscae/deepcrack_s1/maps
wrote 50 maps to /kaggle/working/agdscae/deepcrack_s1/calib
{
  "miou": 0.34789464977523793,
  "iou_crack": 0.12211395467897128,
  "f1": 0.20412970083672574,
  "precision": 0.12632425793763016,
  "recall": 0.9458095048402042,
  "n_images": 237,
  "mu": 0.052463205505562945,
  "delta": 0.056227413721029164,
  "threshold": 0.5,
  "pixel_auroc": 0.8925441061808165,
  "pixel_ap": 0.26396290348249357
}
