/kaggle/working/Unsupervised-Crack-Detection_CVPR/p0_reproduce/agdscae_ref.py:379: UserWarning: Detected call of `lr_scheduler.step()` before `optimizer.step()`. In PyTorch 1.1.0 and later, you should call them in the opposite order: `optimizer.step()` before `lr_scheduler.step()`.  Failure to do this will result in PyTorch skipping the first value of the learning rate schedule. See more details at https://pytorch.org/docs/stable/optim.html#how-to-adjust-learning-rate
  sched.step()
[stage1 ep33/50] loss=0.0000
[stage1 ep34/50] loss=0.0000
[stage1 ep35/50] loss=0.0000
[stage1 ep36/50] loss=0.0000
[stage1 ep37/50] loss=0.0000
[stage1 ep38/50] loss=0.0000
[stage1 ep39/50] loss=0.0000
[stage1 ep40/50] loss=0.0000
[stage1 ep41/50] loss=0.0000
[stage1 ep42/50] loss=0.0000
[stage1 ep43/50] loss=0.0000
[stage1 ep44/50] loss=0.0000
[stage1 ep45/50] loss=0.0000
[stage1 ep46/50] loss=0.0000
[stage1 ep47/50] loss=0.0000
[stage1 ep48/50] loss=0.0000
[stage1 ep49/50] loss=0.0000
[stage1 ep50/50] loss=0.0000
[stage2 ep1/50] loss=0.3321
[stage2 ep2/50] loss=0.4009
[stage2 ep3/50] loss=0.3775
[stage2 ep4/50] loss=0.4253
[stage2 ep5/50] loss=0.3404
[stage2 ep6/50] loss=0.3386
[stage2 ep7/50] loss=0.3767
[stage2 ep8/50] loss=0.3456
[stage2 ep9/50] loss=0.2571
[stage2 ep10/50] loss=0.3338
[stage2 ep11/50] loss=0.2527
[stage2 ep12/50] loss=0.2555
[stage2 ep13/50] loss=0.3064
[stage2 ep14/50] loss=0.3060
[stage2 ep15/50] loss=0.2927
[stage2 ep16/50] loss=0.2497
[stage2 ep17/50] loss=0.2436
[stage2 ep18/50] loss=0.2805
[stage2 ep19/50] loss=0.2443
[stage2 ep20/50] loss=0.2450
[stage2 ep21/50] loss=0.2676
[stage2 ep22/50] loss=0.2724
[stage2 ep23/50] loss=0.2392
[stage2 ep24/50] loss=0.2671
[stage2 ep25/50] loss=0.2559
[stage2 ep26/50] loss=0.2560
[stage2 ep27/50] loss=0.2624
[stage2 ep28/50] loss=0.2452
[stage2 ep29/50] loss=0.2444
[stage2 ep30/50] loss=0.2368
[stage2 ep31/50] loss=0.2329
[stage2 ep32/50] loss=0.2309
[stage2 ep33/50] loss=0.2307
[stage2 ep34/50] loss=0.2244
[stage2 ep35/50] loss=0.2255
[stage2 ep36/50] loss=0.2136
[stage2 ep37/50] loss=0.1881
[stage2 ep38/50] loss=0.2140
[stage2 ep39/50] loss=0.1895
[stage2 ep40/50] loss=0.1468
[stage2 ep41/50] loss=0.1537
[stage2 ep42/50] loss=0.1635
[stage2 ep43/50] loss=0.1411
[stage2 ep44/50] loss=0.1543
[stage2 ep45/50] loss=0.1359
[stage2 ep46/50] loss=0.1263
[stage2 ep47/50] loss=0.1187
[stage2 ep48/50] loss=0.1741
[stage2 ep49/50] loss=0.0807
[stage2 ep50/50] loss=0.0978
[stage3 ep1/50] loss=0.5075
[stage3 ep2/50] loss=0.3986
[stage3 ep3/50] loss=0.3597
[stage3 ep4/50] loss=0.4549
[stage3 ep5/50] loss=0.3758
[stage3 ep6/50] loss=0.3813
[stage3 ep7/50] loss=0.3698
[stage3 ep8/50] loss=0.3098
[stage3 ep9/50] loss=0.4098
[stage3 ep10/50] loss=0.3295
[stage3 ep11/50] loss=0.4305
[stage3 ep12/50] loss=0.2581
[stage3 ep13/50] loss=0.3475
[stage3 ep14/50] loss=0.4042
[stage3 ep15/50] loss=0.3222
[stage3 ep16/50] loss=0.3511
[stage3 ep17/50] loss=0.3174
[stage3 ep18/50] loss=0.2648
[stage3 ep19/50] loss=0.3380
[stage3 ep20/50] loss=0.3040
[stage3 ep21/50] loss=0.2463
[stage3 ep22/50] loss=0.2752
[stage3 ep23/50] loss=0.3261
[stage3 ep24/50] loss=0.3206
[stage3 ep25/50] loss=0.3066
[stage3 ep26/50] loss=0.2371
[stage3 ep27/50] loss=0.3560
[stage3 ep28/50] loss=0.3483
[stage3 ep29/50] loss=0.3643
[stage3 ep30/50] loss=0.2750
[stage3 ep31/50] loss=0.3872
[stage3 ep32/50] loss=0.3162
[stage3 ep33/50] loss=0.3221
[stage3 ep34/50] loss=0.2619
[stage3 ep35/50] loss=0.3024
[stage3 ep36/50] loss=0.2659
[stage3 ep37/50] loss=0.2527
[stage3 ep38/50] loss=0.2857
[stage3 ep39/50] loss=0.1992
[stage3 ep40/50] loss=0.2881
[stage3 ep41/50] loss=0.2331
[stage3 ep42/50] loss=0.2732
[stage3 ep43/50] loss=0.2610
[stage3 ep44/50] loss=0.2618
[stage3 ep45/50] loss=0.2445
[stage3 ep46/50] loss=0.3841
[stage3 ep47/50] loss=0.2549
[stage3 ep48/50] loss=0.2558
[stage3 ep49/50] loss=0.2754
[stage3 ep50/50] loss=0.2355
training complete: /kaggle/working/edgectl/canny_s2/ckpt_stage3.pt
wrote 237 maps to /kaggle/working/edgectl/canny_s2/maps
wrote 50 maps to /kaggle/working/edgectl/canny_s2/calib
{
  "miou": 0.3772094954203969,
  "iou_crack": 0.09544762121094326,
  "f1": 0.16529846115158622,
  "precision": 0.10436528026859164,
  "recall": 0.6331345537530485,
  "n_images": 237,
  "mu": 0.06974651859296373,
  "delta": 0.10360871052249031,
  "threshold": 0.5,
  "pixel_auroc": 0.7522519257827119,
  "pixel_ap": 0.1223893357741938
}
{
  "mu": 0.06974651859296373,
  "delta": 0.10360871052249031,
  "n_thresholds": 99,
  "ods_f1": {
    "t": 0.82,
    "f1": 0.18929879888686438,
    "miou": 0.5138204479789367,
    "precision": 0.17535671980180995,
    "recall": 0.205649353043954
  },
  "best_miou": {
    "t": 0.93,
    "f1": 0.17915446226375015,
    "miou": 0.5185495900291514,
    "precision": 0.21500821290678074,
    "recall": 0.15354930743797562
  },
  "fixed_0.5": {
    "t": 0.5,
    "f1": 0.15448881835040737,
    "miou": 0.3727540802088567,
    "precision": 0.08693994553952925,
    "recall": 0.6926511824178451
  }
}
