[stage1 ep1/50] loss=0.0051
[stage1 ep2/50] loss=0.0010
[stage1 ep3/50] loss=0.0005
[stage1 ep4/50] loss=0.0002
[stage1 ep5/50] loss=0.0002
[stage1 ep6/50] loss=0.0001
[stage1 ep7/50] loss=0.0001
[stage1 ep8/50] loss=0.0000
[stage1 ep9/50] loss=0.0000
[stage1 ep10/50] loss=0.0000
[stage1 ep11/50] loss=0.0000
[stage1 ep12/50] loss=0.0000
[stage1 ep13/50] loss=0.0000
[stage1 ep14/50] loss=0.0000
[stage1 ep15/50] loss=0.0000
[stage1 ep16/50] loss=0.0000
[stage1 ep17/50] loss=0.0000
[stage1 ep18/50] loss=0.0000
[stage1 ep19/50] loss=0.0000
[stage1 ep20/50] loss=0.0000
[stage1 ep21/50] loss=0.0000
[stage1 ep22/50] loss=0.0000
[stage1 ep23/50] loss=0.0000
[stage1 ep24/50] loss=0.0000
[stage1 ep25/50] loss=0.0000
[stage1 ep26/50] loss=0.0000
[stage1 ep27/50] loss=0.0000
[stage1 ep28/50] loss=0.0000
[stage1 ep29/50] loss=0.0000
[stage1 ep30/50] loss=0.0000
[stage1 ep31/50] loss=0.0000
[stage1 ep32/50] loss=0.0000
[stage1 ep33/50] loss=0.0000
[stage1 ep34/50] loss=0.0000
[stage1 ep35/50] loss=0.0000
[stage1 ep36/50] loss=0.0000
[stage1 ep37/50] loss=0.0000
[stage1 ep38/50] loss=0.0000
[stage1 ep39/50] loss=0.0000
[stage1 ep40/50] loss=0.0000
[stage1 ep41/50] loss=0.0000
[stage1 ep42/50] loss=0.0000
[stage1 ep43/50] loss=0.0000
[stage1 ep44/50] loss=0.0000
[stage1 ep45/50] loss=0.0000
[stage1 ep46/50] loss=0.0000
[stage1 ep47/50] loss=0.0000
[stage1 ep48/50] loss=0.0000
[stage1 ep49/50] loss=0.0000
[stage1 ep50/50] loss=0.0000
[stage2 ep1/50] loss=0.3655
[stage2 ep2/50] loss=0.3448
[stage2 ep3/50] loss=0.3425
[stage2 ep4/50] loss=0.4145
[stage2 ep5/50] loss=0.3799
[stage2 ep6/50] loss=0.4069
[stage2 ep7/50] loss=0.3134
[stage2 ep8/50] loss=0.3792
[stage2 ep9/50] loss=0.3661
[stage2 ep10/50] loss=0.4071
[stage2 ep11/50] loss=0.3569
[stage2 ep12/50] loss=0.2706
[stage2 ep13/50] loss=0.2413
[stage2 ep14/50] loss=0.2891
[stage2 ep15/50] loss=0.2944
[stage2 ep16/50] loss=0.2932
[stage2 ep17/50] loss=0.3031
[stage2 ep18/50] loss=0.2764
[stage2 ep19/50] loss=0.2652
[stage2 ep20/50] loss=0.2549
[stage2 ep21/50] loss=0.2525
[stage2 ep22/50] loss=0.2407
[stage2 ep23/50] loss=0.2597
[stage2 ep24/50] loss=0.2574
[stage2 ep25/50] loss=0.2697
[stage2 ep26/50] loss=0.2377
[stage2 ep27/50] loss=0.2445
[stage2 ep28/50] loss=0.2432
[stage2 ep29/50] loss=0.2394
[stage2 ep30/50] loss=0.2325
[stage2 ep31/50] loss=0.2294
[stage2 ep32/50] loss=0.2532
[stage2 ep33/50] loss=0.2424
[stage2 ep34/50] loss=0.2366
[stage2 ep35/50] loss=0.2325
[stage2 ep36/50] loss=0.2097
[stage2 ep37/50] loss=0.2152
[stage2 ep38/50] loss=0.2481
[stage2 ep39/50] loss=0.2232
[stage2 ep40/50] loss=0.2455
[stage2 ep41/50] loss=0.2293
[stage2 ep42/50] loss=0.2208
[stage2 ep43/50] loss=0.2391
[stage2 ep44/50] loss=0.2066
[stage2 ep45/50] loss=0.2104
[stage2 ep46/50] loss=0.1933
[stage2 ep47/50] loss=0.1698
[stage2 ep48/50] loss=0.2042
[stage2 ep49/50] loss=0.1422
[stage2 ep50/50] loss=0.1521
[stage3 ep1/50] loss=0.5931
[stage3 ep2/50] loss=0.6731
[stage3 ep3/50] loss=0.4463
[stage3 ep4/50] loss=0.4324
[stage3 ep5/50] loss=0.5269
[stage3 ep6/50] loss=0.5334
[stage3 ep7/50] loss=0.5256
[stage3 ep8/50] loss=0.4773
[stage3 ep9/50] loss=0.4732
[stage3 ep10/50] loss=0.4271
[stage3 ep11/50] loss=0.4686
[stage3 ep12/50] loss=0.4402
[stage3 ep13/50] loss=0.4278
[stage3 ep14/50] loss=0.4057
[stage3 ep15/50] loss=0.3775
[stage3 ep16/50] loss=0.3753
[stage3 ep17/50] loss=0.3925
[stage3 ep18/50] loss=0.4678
[stage3 ep19/50] loss=0.3675
[stage3 ep20/50] loss=0.4487
[stage3 ep21/50] loss=0.3582
[stage3 ep22/50] loss=0.3524
[stage3 ep23/50] loss=0.4538
[stage3 ep24/50] loss=0.3650
[stage3 ep25/50] loss=0.3700
[stage3 ep26/50] loss=0.4564
[stage3 ep27/50] loss=0.3119
[stage3 ep28/50] loss=0.3332
[stage3 ep29/50] loss=0.3817
[stage3 ep30/50] loss=0.4784
[stage3 ep31/50] loss=0.3048
[stage3 ep32/50] loss=0.3398
[stage3 ep33/50] loss=0.3025
[stage3 ep34/50] loss=0.3014
[stage3 ep35/50] loss=0.2787
[stage3 ep36/50] loss=0.3266
[stage3 ep37/50] loss=0.3857
[stage3 ep38/50] loss=0.3774
[stage3 ep39/50] loss=0.3032
[stage3 ep40/50] loss=0.3417
[stage3 ep41/50] loss=0.2297
[stage3 ep42/50] loss=0.2903
[stage3 ep43/50] loss=0.2710
[stage3 ep44/50] loss=0.3872
[stage3 ep45/50] loss=0.2657
[stage3 ep46/50] loss=0.2915
[stage3 ep47/50] loss=0.2493
[stage3 ep48/50] loss=0.3541
[stage3 ep49/50] loss=0.2790
[stage3 ep50/50] loss=0.3314
training complete: /kaggle/working/edgectl/canny_s1/ckpt_stage3.pt
wrote 237 maps to /kaggle/working/edgectl/canny_s1/maps
wrote 50 maps to /kaggle/working/edgectl/canny_s1/calib
{
  "miou": 0.3541304062398369,
  "iou_crack": 0.09577430592810647,
  "f1": 0.16616714721449471,
  "precision": 0.10139886181219318,
  "recall": 0.7733396517436174,
  "n_images": 237,
  "mu": 0.09258161861911247,
  "delta": 0.10109207810362868,
  "threshold": 0.5,
  "pixel_auroc": 0.7652029304289558,
  "pixel_ap": 0.12876239081114035
}
{
  "mu": 0.09258161861911247,
  "delta": 0.10109207810362868,
  "n_thresholds": 99,
  "ods_f1": {
    "t": 0.63,
    "f1": 0.19473289680144465,
    "miou": 0.46075910001794906,
    "precision": 0.12038327287750611,
    "recall": 0.5092488644018032
  },
  "best_miou": {
    "t": 0.94,
    "f1": 0.17794967929341252,
    "miou": 0.5192283367676293,
    "precision": 0.22504035047267695,
    "recall": 0.14715653493525305
  },
  "fixed_0.5": {
    "t": 0.5,
    "f1": 0.1556976516830354,
    "miou": 0.3498885417900076,
    "precision": 0.08634029765145837,
    "recall": 0.7915578059276569
  }
}
