/kaggle/working/Unsupervised-Crack-Detection_CVPR/p0_reproduce/agdscae_ref.py:379: UserWarning: Detected call of `lr_scheduler.step()` before `optimizer.step()`. In PyTorch 1.1.0 and later, you should call them in the opposite order: `optimizer.step()` before `lr_scheduler.step()`.  Failure to do this will result in PyTorch skipping the first value of the learning rate schedule. See more details at https://pytorch.org/docs/stable/optim.html#how-to-adjust-learning-rate
  sched.step()
[stage1 ep34/50] loss=0.0000
[stage1 ep35/50] loss=0.0000
[stage1 ep36/50] loss=0.0000
[stage1 ep37/50] loss=0.0000
[stage1 ep38/50] loss=0.0000
[stage1 ep39/50] loss=0.0000
[stage1 ep40/50] loss=0.0000
[stage1 ep41/50] loss=0.0000
[stage1 ep42/50] loss=0.0000
[stage1 ep43/50] loss=0.0000
[stage1 ep44/50] loss=0.0000
[stage1 ep45/50] loss=0.0000
[stage1 ep46/50] loss=0.0000
[stage1 ep47/50] loss=0.0000
[stage1 ep48/50] loss=0.0000
[stage1 ep49/50] loss=0.0000
[stage1 ep50/50] loss=0.0000
[stage2 ep1/50] loss=0.3498
[stage2 ep2/50] loss=0.3948
[stage2 ep3/50] loss=0.3459
[stage2 ep4/50] loss=0.3250
[stage2 ep5/50] loss=0.3438
[stage2 ep6/50] loss=0.3713
[stage2 ep7/50] loss=0.2999
[stage2 ep8/50] loss=0.3053
[stage2 ep9/50] loss=0.3252
[stage2 ep10/50] loss=0.2896
[stage2 ep11/50] loss=0.3422
[stage2 ep12/50] loss=0.2628
[stage2 ep13/50] loss=0.2765
[stage2 ep14/50] loss=0.3004
[stage2 ep15/50] loss=0.2929
[stage2 ep16/50] loss=0.2936
[stage2 ep17/50] loss=0.2511
[stage2 ep18/50] loss=0.2472
[stage2 ep19/50] loss=0.2586
[stage2 ep20/50] loss=0.2388
[stage2 ep21/50] loss=0.2387
[stage2 ep22/50] loss=0.2454
[stage2 ep23/50] loss=0.2379
[stage2 ep24/50] loss=0.2475
[stage2 ep25/50] loss=0.2356
[stage2 ep26/50] loss=0.2210
[stage2 ep27/50] loss=0.2359
[stage2 ep28/50] loss=0.2456
[stage2 ep29/50] loss=0.2413
[stage2 ep30/50] loss=0.2215
[stage2 ep31/50] loss=0.2314
[stage2 ep32/50] loss=0.1961
[stage2 ep33/50] loss=0.1965
[stage2 ep34/50] loss=0.2378
[stage2 ep35/50] loss=0.2151
[stage2 ep36/50] loss=0.2108
[stage2 ep37/50] loss=0.1853
[stage2 ep38/50] loss=0.2271
[stage2 ep39/50] loss=0.1786
[stage2 ep40/50] loss=0.1772
[stage2 ep41/50] loss=0.1517
[stage2 ep42/50] loss=0.1263
[stage2 ep43/50] loss=0.1761
[stage2 ep44/50] loss=0.1331
[stage2 ep45/50] loss=0.1508
[stage2 ep46/50] loss=0.0973
[stage2 ep47/50] loss=0.0994
[stage2 ep48/50] loss=0.1179
[stage2 ep49/50] loss=0.1047
[stage2 ep50/50] loss=0.1369
[stage3 ep1/50] loss=0.4147
[stage3 ep2/50] loss=0.3671
[stage3 ep3/50] loss=0.4119
[stage3 ep4/50] loss=0.5156
[stage3 ep5/50] loss=0.3789
[stage3 ep6/50] loss=0.3608
[stage3 ep7/50] loss=0.3755
[stage3 ep8/50] loss=0.3280
[stage3 ep9/50] loss=0.3518
[stage3 ep10/50] loss=0.4238
[stage3 ep11/50] loss=0.3622
[stage3 ep12/50] loss=0.3216
[stage3 ep13/50] loss=0.5231
[stage3 ep14/50] loss=0.3123
[stage3 ep15/50] loss=0.3446
[stage3 ep16/50] loss=0.3370
[stage3 ep17/50] loss=0.3209
[stage3 ep18/50] loss=0.4208
[stage3 ep19/50] loss=0.3465
[stage3 ep20/50] loss=0.3043
[stage3 ep21/50] loss=0.2777
[stage3 ep22/50] loss=0.4004
[stage3 ep23/50] loss=0.2497
[stage3 ep24/50] loss=0.4155
[stage3 ep25/50] loss=0.4511
[stage3 ep26/50] loss=0.2411
[stage3 ep27/50] loss=0.3222
[stage3 ep28/50] loss=0.2656
[stage3 ep29/50] loss=0.2646
[stage3 ep30/50] loss=0.2684
[stage3 ep31/50] loss=0.2363
[stage3 ep32/50] loss=0.2860
[stage3 ep33/50] loss=0.2719
[stage3 ep34/50] loss=0.2864
[stage3 ep35/50] loss=0.2824
[stage3 ep36/50] loss=0.2379
[stage3 ep37/50] loss=0.2602
[stage3 ep38/50] loss=0.2728
[stage3 ep39/50] loss=0.3266
[stage3 ep40/50] loss=0.2667
[stage3 ep41/50] loss=0.4623
[stage3 ep42/50] loss=0.2952
[stage3 ep43/50] loss=0.2531
[stage3 ep44/50] loss=0.3007
[stage3 ep45/50] loss=0.2125
[stage3 ep46/50] loss=0.2801
[stage3 ep47/50] loss=0.3113
[stage3 ep48/50] loss=0.3950
[stage3 ep49/50] loss=0.2778
[stage3 ep50/50] loss=0.2347
training complete: /kaggle/working/edgectl/canny_s0/ckpt_stage3.pt
wrote 237 maps to /kaggle/working/edgectl/canny_s0/maps
wrote 50 maps to /kaggle/working/edgectl/canny_s0/calib
{
  "miou": 0.35012918957170924,
  "iou_crack": 0.11669839308948894,
  "f1": 0.19229629307685797,
  "precision": 0.13166949010705103,
  "recall": 0.7952635645512501,
  "n_images": 237,
  "mu": 0.06530538136651835,
  "delta": 0.047339992464240095,
  "threshold": 0.5,
  "pixel_auroc": 0.7311731494584145,
  "pixel_ap": 0.11639530461057616
}
{
  "mu": 0.06530538136651835,
  "delta": 0.047339992464240095,
  "n_thresholds": 99,
  "ods_f1": {
    "t": 0.83,
    "f1": 0.21118727603192658,
    "miou": 0.5145309317515612,
    "precision": 0.1725635447702867,
    "recall": 0.2720865738707152
  },
  "best_miou": {
    "t": 0.87,
    "f1": 0.2033242720107397,
    "miou": 0.5216572374880535,
    "precision": 0.20247672400664174,
    "recall": 0.20417894534891373
  },
  "fixed_0.5": {
    "t": 0.5,
    "f1": 0.13561960639393575,
    "miou": 0.3292492006537262,
    "precision": 0.07478127763528998,
    "recall": 0.72737894460204
  }
}
