/kaggle/working/pyshim/sitecustomize.py:8: FutureWarning: In the future `np.object` will be defined as the corresponding NumPy scalar.
  if not hasattr(np,_n): setattr(np,_n,_t)
/kaggle/working/pyshim/sitecustomize.py:8: FutureWarning: In the future `np.str` will be defined as the corresponding NumPy scalar.
  if not hasattr(np,_n): setattr(np,_n,_t)
=== draem seed 0 ===
OpenVINO is not installed. Please install OpenVINO to use OpenVINOInferencer.
Trainer already configured with model summary callbacks: [<class 'lightning.pytorch.callbacks.rich_model_summary.RichModelSummary'>]. Skipping setting a default `ModelSummary` callback.
GPU available: True (cuda), used: True
TPU available: False, using: 0 TPU cores
💡 Tip: For seamless cloud logging and experiment tracking, try installing [litlogger](https://pypi.org/project/litlogger/) to enable LitLogger, which logs metrics and artifacts automatically to the Lightning Experiments platform.
No implementation of `configure_transforms` was provided in the Lightning model. Using default transforms from the base class. This may not be suitable for your use case. Please override `configure_transforms` in your model.
F1Score class exists for backwards compatibility. It will be removed in v1.1. Please use BinaryF1Score from torchmetrics instead
F1Score class exists for backwards compatibility. It will be removed in v1.1. Please use BinaryF1Score from torchmetrics instead
LOCAL_RANK: 0 - CUDA_VISIBLE_DEVICES: [0]
┏━━━┳━━━━━━━━━━━━━━━━━━━━━━━┳━━━━━━━━━━━━━━━━━━━━━━━━━┳━━━━━━━━┳━━━━━━━┳━━━━━━━┓
┃   ┃ Name                  ┃ Type                    ┃ Params ┃ Mode  ┃ FLOPs ┃
┡━━━╇━━━━━━━━━━━━━━━━━━━━━━━╇━━━━━━━━━━━━━━━━━━━━━━━━━╇━━━━━━━━╇━━━━━━━╇━━━━━━━┩
│ 0 │ model                 │ DraemModel              │ 97.4 M │ train │     0 │
│ 1 │ loss                  │ DraemLoss               │      0 │ train │     0 │
│ 2 │ _transform            │ Compose                 │      0 │ train │     0 │
│ 3 │ normalization_metrics │ MetricCollection        │      0 │ train │     0 │
│ 4 │ image_threshold       │ F1AdaptiveThreshold     │      0 │ train │     0 │
│ 5 │ pixel_threshold       │ F1AdaptiveThreshold     │      0 │ train │     0 │
│ 6 │ image_metrics         │ AnomalibMetricCollecti… │      0 │ train │     0 │
│ 7 │ pixel_metrics         │ AnomalibMetricCollecti… │      0 │ train │     0 │
└───┴───────────────────────┴─────────────────────────┴────────┴───────┴───────┘
Trainable params: 97.4 M                                                        
Non-trainable params: 0                                                         
Total params: 97.4 M                                                            
Total estimated model params size (MB): 389.691                                 
Modules in train mode: 231                                                      
Modules in eval mode: 0                                                         
Total FLOPs: 0                                                                  
/usr/local/lib/python3.12/dist-packages/lightning/pytorch/utilities/_pytree.py:21: `isinstance(treespec, LeafSpec)` is deprecated, use `isinstance(treespec, TreeSpec) and treespec.is_leaf()` instead.
/usr/local/lib/python3.12/dist-packages/lightning/pytorch/core/module.py:522: You called `self.log('train_loss', ..., logger=True)` but have no logger configured. You can enable one by doing `Trainer(logger=ALogger(...))`
`Trainer.fit` stopped: `max_epochs=300` reached.
Epoch 299/299 ━━━━━━━━━━━━━━━━ 25/25 0:00:47 •        0.52it/s train_loss_step: 
                                     0:00:00                   0.430            
                                                               pixel_AUROC:     
                                                               0.316            
                                                               pixel_F1Score:   
                                                               0.065            
                                                               train_loss_epoch:
                                                               0.389            
ckpt_path is not provided. Model weights will not be loaded.
F1Score class exists for backwards compatibility. It will be removed in v1.1. Please use BinaryF1Score from torchmetrics instead
F1Score class exists for backwards compatibility. It will be removed in v1.1. Please use BinaryF1Score from torchmetrics instead
LOCAL_RANK: 0 - CUDA_VISIBLE_DEVICES: [0]
Predicting ━━━━━━━━━━━━━━━━━━━━━━━━━━━━━━━━━━ 36/36 0:01:07 • 0:00:00 0.53it/s 
ckpt_path is not provided. Model weights will not be loaded.
F1Score class exists for backwards compatibility. It will be removed in v1.1. Please use BinaryF1Score from torchmetrics instead
F1Score class exists for backwards compatibility. It will be removed in v1.1. Please use BinaryF1Score from torchmetrics instead
LOCAL_RANK: 0 - CUDA_VISIBLE_DEVICES: [0]
Predicting ━━━━━━━━━━━━━━━━━━━━━━━━━━━━━━━━━━━━ 7/7 0:00:10 • 0:00:00 0.57it/s 
/kaggle/working/pyshim/sitecustomize.py:8: FutureWarning: In the future `np.object` will be defined as the corresponding NumPy scalar.
  if not hasattr(np,_n): setattr(np,_n,_t)
/kaggle/working/pyshim/sitecustomize.py:8: FutureWarning: In the future `np.str` will be defined as the corresponding NumPy scalar.
  if not hasattr(np,_n): setattr(np,_n,_t)
Traceback (most recent call last):
  File "/kaggle/working/Unsupervised-Crack-Detection_CVPR/p0_reproduce/agdscae_ref.py", line 594, in <module>
    main()
  File "/kaggle/working/Unsupervised-Crack-Detection_CVPR/p0_reproduce/agdscae_ref.py", line 586, in main
    dump(args)
  File "/kaggle/working/Unsupervised-Crack-Detection_CVPR/p0_reproduce/agdscae_ref.py", line 537, in dump
    ck = torch.load(args.ckpt, map_location=dev)
         ^^^^^^^^^^^^^^^^^^^^^^^^^^^^^^^^^^^^^^^
  File "/usr/local/lib/python3.12/dist-packages/torch/serialization.py", line 1500, in load
    with _open_file_like(f, "rb") as opened_file:
         ^^^^^^^^^^^^^^^^^^^^^^^^
  File "/usr/local/lib/python3.12/dist-packages/torch/serialization.py", line 768, in _open_file_like
    return _open_file(name_or_buffer, mode)
           ^^^^^^^^^^^^^^^^^^^^^^^^^^^^^^^^
  File "/usr/local/lib/python3.12/dist-packages/torch/serialization.py", line 749, in __init__
    super().__init__(open(name, mode))  # noqa: SIM115
                     ^^^^^^^^^^^^^^^^
FileNotFoundError: [Errno 2] No such file or directory: '/kaggle/working/runs/draem/s0/ckpt_stage3.pt'
