/kaggle/working/pyshim/sitecustomize.py:11: FutureWarning: In the future `np.object` will be defined as the corresponding NumPy scalar.
  if not hasattr(np, _n):
/kaggle/working/pyshim/sitecustomize.py:11: FutureWarning: In the future `np.str` will be defined as the corresponding NumPy scalar.
  if not hasattr(np, _n):
=== rd4ad seed 0 ===
OpenVINO is not installed. Please install OpenVINO to use OpenVINOInferencer.
Trainer already configured with model summary callbacks: [<class 'lightning.pytorch.callbacks.rich_model_summary.RichModelSummary'>]. Skipping setting a default `ModelSummary` callback.
GPU available: True (cuda), used: True
TPU available: False, using: 0 TPU cores
💡 Tip: For seamless cloud logging and experiment tracking, try installing [litlogger](https://pypi.org/project/litlogger/) to enable LitLogger, which logs metrics and artifacts automatically to the Lightning Experiments platform.
No implementation of `configure_transforms` was provided in the Lightning model. Using default transforms from the base class. This may not be suitable for your use case. Please override `configure_transforms` in your model.
F1Score class exists for backwards compatibility. It will be removed in v1.1. Please use BinaryF1Score from torchmetrics instead
F1Score class exists for backwards compatibility. It will be removed in v1.1. Please use BinaryF1Score from torchmetrics instead
LOCAL_RANK: 0 - CUDA_VISIBLE_DEVICES: [1]
┏━━━┳━━━━━━━━━━━━━━━━━━━━━━━┳━━━━━━━━━━━━━━━━━━━━━━━━━┳━━━━━━━━┳━━━━━━━┳━━━━━━━┓
┃   ┃ Name                  ┃ Type                    ┃ Params ┃ Mode  ┃ FLOPs ┃
┡━━━╇━━━━━━━━━━━━━━━━━━━━━━━╇━━━━━━━━━━━━━━━━━━━━━━━━━╇━━━━━━━━╇━━━━━━━╇━━━━━━━┩
│ 0 │ loss                  │ ReverseDistillationLoss │      0 │ train │     0 │
│ 1 │ _transform            │ Compose                 │      0 │ train │     0 │
│ 2 │ normalization_metrics │ MetricCollection        │      0 │ train │     0 │
│ 3 │ image_threshold       │ F1AdaptiveThreshold     │      0 │ train │     0 │
│ 4 │ pixel_threshold       │ F1AdaptiveThreshold     │      0 │ train │     0 │
│ 5 │ image_metrics         │ AnomalibMetricCollecti… │      0 │ train │     0 │
│ 6 │ pixel_metrics         │ AnomalibMetricCollecti… │      0 │ train │     0 │
│ 7 │ model                 │ ReverseDistillationMod… │ 89.0 M │ train │     0 │
└───┴───────────────────────┴─────────────────────────┴────────┴───────┴───────┘
Trainable params: 89.0 M                                                        
Non-trainable params: 0                                                         
Total params: 89.0 M                                                            
Total estimated model params size (MB): 356.009                                 
Modules in train mode: 345                                                      
Modules in eval mode: 0                                                         
Total FLOPs: 0                                                                  
/usr/local/lib/python3.12/dist-packages/lightning/pytorch/utilities/_pytree.py:21: `isinstance(treespec, LeafSpec)` is deprecated, use `isinstance(treespec, TreeSpec) and treespec.is_leaf()` instead.
/usr/local/lib/python3.12/dist-packages/lightning/pytorch/core/module.py:522: You called `self.log('train_loss', ..., logger=True)` but have no logger configured. You can enable one by doing `Trainer(logger=ALogger(...))`
`Trainer.fit` stopped: `max_epochs=200` reached.
Epoch 199/199 ━━━━━━━━━━━━━━━━ 13/13 0:00:07 •        1.84it/s train_loss_step: 
                                     0:00:00                   0.152            
                                                               pixel_AUROC:     
                                                               0.833            
                                                               pixel_F1Score:   
                                                               0.186            
                                                               train_loss_epoch:
                                                               0.146            
ckpt_path is not provided. Model weights will not be loaded.
F1Score class exists for backwards compatibility. It will be removed in v1.1. Please use BinaryF1Score from torchmetrics instead
F1Score class exists for backwards compatibility. It will be removed in v1.1. Please use BinaryF1Score from torchmetrics instead
LOCAL_RANK: 0 - CUDA_VISIBLE_DEVICES: [1]
Predicting ━━━━━━━━━━━━━━━━━━━━━━━━━━━━━━━━━━ 18/18 0:00:52 • 0:00:00 0.34it/s 
ckpt_path is not provided. Model weights will not be loaded.
F1Score class exists for backwards compatibility. It will be removed in v1.1. Please use BinaryF1Score from torchmetrics instead
F1Score class exists for backwards compatibility. It will be removed in v1.1. Please use BinaryF1Score from torchmetrics instead
LOCAL_RANK: 0 - CUDA_VISIBLE_DEVICES: [1]
Predicting ━━━━━━━━━━━━━━━━━━━━━━━━━━━━━━━━━━━━ 7/7 0:00:07 • 0:00:00 0.82it/s 
/kaggle/working/pyshim/sitecustomize.py:11: FutureWarning: In the future `np.object` will be defined as the corresponding NumPy scalar.
  if not hasattr(np, _n):
/kaggle/working/pyshim/sitecustomize.py:11: FutureWarning: In the future `np.str` will be defined as the corresponding NumPy scalar.
  if not hasattr(np, _n):
{
  "miou": 0.24580679041898815,
  "iou_crack": 0.0789308489696686,
  "f1": 0.14003590475296626,
  "precision": 0.0790948059690038,
  "recall": 0.9642144363207094,
  "n_images": 237,
  "mu": 0.31930723777445563,
  "delta": 0.07702835758525753,
  "threshold": 0.5,
  "pixel_auroc": 0.8722967591146235,
  "pixel_ap": 0.21927052253842438
}
/kaggle/working/pyshim/sitecustomize.py:11: FutureWarning: In the future `np.object` will be defined as the corresponding NumPy scalar.
  if not hasattr(np, _n):
/kaggle/working/pyshim/sitecustomize.py:11: FutureWarning: In the future `np.str` will be defined as the corresponding NumPy scalar.
  if not hasattr(np, _n):
{
  "mu": 0.31930723777445563,
  "delta": 0.07702835758525753,
  "n_thresholds": 99,
  "ods_f1": {
    "t": 0.91,
    "f1": 0.31969589542845833,
    "miou": 0.5513991939198077,
    "precision": 0.24348040157878578,
    "recall": 0.4653676976169593
  },
  "best_miou": {
    "t": 0.93,
    "f1": 0.312410313837726,
    "miou": 0.5552280702141063,
    "precision": 0.2626327552050154,
    "recall": 0.3854694778372217
  },
  "fixed_0.5": {
    "t": 0.5,
    "f1": 0.13105154085334525,
    "miou": 0.24165915392851878,
    "precision": 0.07022460636202874,
    "recall": 0.9792896577124284
  }
}
